>>> BaseGeometry = __import__('7-base_geometry').BaseGeometry
>>> bg = BaseGeometry()

"""
Correct Output
"""
>>> bg.area()
Traceback (most recent call last):
...
Exception: area() is not implemented
>>> bg.integer_validator("a", 3)
>>>

"""
Error Output
"""
>>> bg.area(1)
Traceback (most recent call last):
...
TypeError: area() takes 1 positional argument but 2 were given
>>> bg.integer_validator("a", "no")
Traceback (most recent call last):
...
TypeError: a must be an integer
>>> bg.integer_validator("a", -10)
Traceback (most recent call last):
...
ValueError: a must be greater than 0
